// Jest Snapshot v1, https://goo.gl/fbAQLP

exports[`LocationPicker.vue renders props.location when passed 1`] = `
<div class="location-picker">
  <fieldset>
    <legend>For location</legend> <label for="latitude">Latitude</label> <input type="number" id="latitude"> <label for="longitude">Longitude</label> <input type="number" id="longitude">
  </fieldset> <button>Get weather for this position</button>
</div>
`;

exports[`LocationPicker.vue renders without crashing 1`] = `
<div class="location-picker">
  <fieldset>
    <legend>For location</legend> <label for="latitude">Latitude</label> <input type="number" id="latitude"> <label for="longitude">Longitude</label> <input type="number" id="longitude">
  </fieldset> <button>Get weather for this position</button>
</div>
`;
